
> @bereasoftware/time-guard@2.3.0 test
> vitest run test/coverage.test.ts


[1m[30m[46m RUN [49m[39m[22m [36mv4.1.4 [39m[90mD:/Users/johna/Desktop/Dev Frameworks/@bereasoftware/time-guard[39m

[90mstdout[2m | test/coverage.test.ts[2m > [22m[2mCoverage Tests - Plugin Manager[2m > [22m[2mshould register a plugin
[22m[39mPlugin "test-plugin" v1.0.0 registered successfully

[90mstdout[2m | test/coverage.test.ts[2m > [22m[2mCoverage Tests - Plugin Manager[2m > [22m[2mshould get a registered plugin
[22m[39mPlugin "test-plugin" v1.0.0 registered successfully

[90mstdout[2m | test/coverage.test.ts[2m > [22m[2mCoverage Tests - Plugin Manager[2m > [22m[2mshould list all plugins
[22m[39mPlugin "plugin1" v1.0.0 registered successfully
Plugin "plugin2" v1.0.0 registered successfully

[90mstdout[2m | test/coverage.test.ts[2m > [22m[2mCoverage Tests - Plugin Manager[2m > [22m[2mshould unregister a plugin
[22m[39mPlugin "test-plugin" v1.0.0 registered successfully

[90mstdout[2m | test/coverage.test.ts[2m > [22m[2mCoverage Tests - Plugin Manager[2m > [22m[2mshould check if plugin is registered
[22m[39mPlugin "test-plugin" v1.0.0 registered successfully

[90mstdout[2m | test/coverage.test.ts[2m > [22m[2mCoverage Tests - Plugin Manager[2m > [22m[2mshould clear all plugins
[22m[39mPlugin "plugin1" v1.0.0 registered successfully
Plugin "plugin2" v1.0.0 registered successfully

[90mstdout[2m | test/coverage.test.ts[2m > [22m[2mCoverage Tests - Plugin Manager[2m > [22m[2mshould warn when registering duplicate plugins
[22m[39mPlugin "test-plugin" v1.0.0 registered successfully

 [31m❯[39m test/coverage.test.ts [2m([22m[2m24 tests[22m[2m | [22m[31m6 failed[39m[2m)[22m[32m 79[2mms[22m[39m
     [32m✓[39m should get month name with boundary values[32m 7[2mms[22m[39m
     [32m✓[39m should handle out-of-range month values gracefully[32m 1[2mms[22m[39m
     [32m✓[39m should get weekday name with boundary values[32m 1[2mms[22m[39m
[31m     [31m×[31m should handle out-of-range weekday values gracefully[39m[32m 27[2mms[22m[39m
     [32m✓[39m should calculate leap years correctly[32m 1[2mms[22m[39m
     [32m✓[39m should calculate days in month[32m 1[2mms[22m[39m
     [32m✓[39m should calculate days in year[32m 1[2mms[22m[39m
     [32m✓[39m should register and retrieve calendars[32m 2[2mms[22m[39m
     [32m✓[39m should set and get default calendar[32m 2[2mms[22m[39m
     [32m✓[39m should not set default calendar if it does not exist[32m 1[2mms[22m[39m
[31m     [31m×[31m should format with single digit tokens[39m[32m 3[2mms[22m[39m
[31m     [31m×[31m should format with YY token[39m[32m 1[2mms[22m[39m
[31m     [31m×[31m should format meridiem with PM[39m[32m 1[2mms[22m[39m
[31m     [31m×[31m should handle AM hours correctly[39m[32m 2[2mms[22m[39m
     [32m✓[39m should get all preset patterns[32m 1[2mms[22m[39m
[31m     [31m×[31m should format with preset[39m[32m 1[2mms[22m[39m
     [32m✓[39m should register a plugin[32m 6[2mms[22m[39m
     [32m✓[39m should get a registered plugin[32m 1[2mms[22m[39m
     [32m✓[39m should return undefined for non-existent plugin[32m 1[2mms[22m[39m
     [32m✓[39m should list all plugins[32m 2[2mms[22m[39m
     [32m✓[39m should unregister a plugin[32m 1[2mms[22m[39m
     [32m✓[39m should check if plugin is registered[32m 1[2mms[22m[39m
     [32m✓[39m should clear all plugins[32m 2[2mms[22m[39m
     [32m✓[39m should warn when registering duplicate plugins[32m 6[2mms[22m[39m

[31m⎯⎯⎯⎯⎯⎯⎯[39m[1m[41m Failed Tests 6 [49m[22m[31m⎯⎯⎯⎯⎯⎯⎯[39m

[41m[1m FAIL [22m[49m test/coverage.test.ts[2m > [22mCoverage Tests - Calendar Manager[2m > [22mshould handle out-of-range weekday values gracefully
[31m[1mAssertionError[22m: expected 'Sunday' to be 'Saturday' // Object.is equality[39m

Expected: [32m"S[7matur[27mday"[39m
Received: [31m"S[7mun[27mday"[39m

[36m [2m❯[22m test/coverage.test.ts:[2m44:40[22m[39m
    [90m 42|[39m   [34mit[39m([32m'should handle out-of-range weekday values gracefully'[39m[33m,[39m () [33m=>[39m {
    [90m 43|[39m     [35mconst[39m calendar [33m=[39m [35mnew[39m [33mGregorianCalendar[39m()[33m;[39m
    [90m 44|[39m     [34mexpect[39m(calendar[33m.[39m[34mgetWeekdayName[39m([34m0[39m))[33m.[39m[34mtoBe[39m([32m'Saturday'[39m)[33m;[39m
    [90m   |[39m                                        [31m^[39m
    [90m 45|[39m     [34mexpect[39m(calendar[33m.[39m[34mgetWeekdayName[39m([34m8[39m))[33m.[39m[34mtoBe[39m([32m'Sunday'[39m)[33m;[39m
    [90m 46|[39m   })[33m;[39m

[31m[2m⎯⎯⎯⎯⎯⎯⎯⎯⎯⎯⎯⎯⎯⎯⎯⎯⎯⎯⎯⎯⎯⎯⎯⎯[1/6]⎯[22m[39m

[41m[1m FAIL [22m[49m test/coverage.test.ts[2m > [22mCoverage Tests - Date Formatter[2m > [22mshould format with single digit tokens
[31m[1mTypeError[22m: Class constructor TimeGuard cannot be invoked without 'new'[39m
[36m [2m❯[22m test/coverage.test.ts:[2m94:16[22m[39m
    [90m 92|[39m
    [90m 93|[39m   [34mit[39m([32m'should format with single digit tokens'[39m[33m,[39m () [33m=>[39m {
    [90m 94|[39m     [35mconst[39m tg [33m=[39m [33mTimeGuard[39m([32m'2024-04-05 09:05:05'[39m)[33m;[39m
    [90m   |[39m                [31m^[39m
    [90m 95|[39m     [35mconst[39m result [33m=[39m tg[33m.[39m[34mformat[39m([32m'Y M D H m s'[39m)[33m;[39m
    [90m 96|[39m     [34mexpect[39m(result)[33m.[39m[34mtoBe[39m([32m'2024 4 5 9 5 5'[39m)[33m;[39m

[31m[2m⎯⎯⎯⎯⎯⎯⎯⎯⎯⎯⎯⎯⎯⎯⎯⎯⎯⎯⎯⎯⎯⎯⎯⎯[2/6]⎯[22m[39m

[41m[1m FAIL [22m[49m test/coverage.test.ts[2m > [22mCoverage Tests - Date Formatter[2m > [22mshould format with YY token
[31m[1mTypeError[22m: Class constructor TimeGuard cannot be invoked without 'new'[39m
[36m [2m❯[22m test/coverage.test.ts:[2m100:16[22m[39m
    [90m 98|[39m
    [90m 99|[39m   [34mit[39m([32m'should format with YY token'[39m[33m,[39m () [33m=>[39m {
    [90m100|[39m     [35mconst[39m tg [33m=[39m [33mTimeGuard[39m([32m'2024-04-15'[39m)[33m;[39m
    [90m   |[39m                [31m^[39m
    [90m101|[39m     [35mconst[39m result [33m=[39m tg[33m.[39m[34mformat[39m([32m'YY'[39m)[33m;[39m
    [90m102|[39m     [34mexpect[39m(result)[33m.[39m[34mtoBe[39m([32m'24'[39m)[33m;[39m

[31m[2m⎯⎯⎯⎯⎯⎯⎯⎯⎯⎯⎯⎯⎯⎯⎯⎯⎯⎯⎯⎯⎯⎯⎯⎯[3/6]⎯[22m[39m

[41m[1m FAIL [22m[49m test/coverage.test.ts[2m > [22mCoverage Tests - Date Formatter[2m > [22mshould format meridiem with PM
[31m[1mTypeError[22m: Class constructor TimeGuard cannot be invoked without 'new'[39m
[36m [2m❯[22m test/coverage.test.ts:[2m106:16[22m[39m
    [90m104|[39m
    [90m105|[39m   [34mit[39m([32m'should format meridiem with PM'[39m[33m,[39m () [33m=>[39m {
    [90m106|[39m     [35mconst[39m tg [33m=[39m [33mTimeGuard[39m([32m'2024-04-15 14:30:00'[39m)[33m;[39m
    [90m   |[39m                [31m^[39m
    [90m107|[39m     [35mconst[39m resultLower [33m=[39m tg[33m.[39m[34mformat[39m([32m'a'[39m)[33m;[39m
    [90m108|[39m     [34mexpect[39m(resultLower)[33m.[39m[34mtoBe[39m([32m'pm'[39m)[33m;[39m

[31m[2m⎯⎯⎯⎯⎯⎯⎯⎯⎯⎯⎯⎯⎯⎯⎯⎯⎯⎯⎯⎯⎯⎯⎯⎯[4/6]⎯[22m[39m

[41m[1m FAIL [22m[49m test/coverage.test.ts[2m > [22mCoverage Tests - Date Formatter[2m > [22mshould handle AM hours correctly
[31m[1mTypeError[22m: Class constructor TimeGuard cannot be invoked without 'new'[39m
[36m [2m❯[22m test/coverage.test.ts:[2m114:16[22m[39m
    [90m112|[39m
    [90m113|[39m   [34mit[39m([32m'should handle AM hours correctly'[39m[33m,[39m () [33m=>[39m {
    [90m114|[39m     [35mconst[39m tg [33m=[39m [33mTimeGuard[39m([32m'2024-04-15 08:30:00'[39m)[33m;[39m
    [90m   |[39m                [31m^[39m
    [90m115|[39m     [35mconst[39m result [33m=[39m tg[33m.[39m[34mformat[39m([32m'hh:mm a'[39m)[33m;[39m
    [90m116|[39m     [34mexpect[39m(result)[33m.[39m[34mtoBe[39m([32m'08:30 am'[39m)[33m;[39m

[31m[2m⎯⎯⎯⎯⎯⎯⎯⎯⎯⎯⎯⎯⎯⎯⎯⎯⎯⎯⎯⎯⎯⎯⎯⎯[5/6]⎯[22m[39m

[41m[1m FAIL [22m[49m test/coverage.test.ts[2m > [22mCoverage Tests - Date Formatter[2m > [22mshould format with preset
[31m[1mTypeError[22m: Class constructor TimeGuard cannot be invoked without 'new'[39m
[36m [2m❯[22m test/coverage.test.ts:[2m130:16[22m[39m
    [90m128|[39m
    [90m129|[39m   [34mit[39m([32m'should format with preset'[39m[33m,[39m () [33m=>[39m {
    [90m130|[39m     [35mconst[39m tg [33m=[39m [33mTimeGuard[39m([32m'2024-04-15 10:30:45'[39m)[33m;[39m
    [90m   |[39m                [31m^[39m
    [90m131|[39m     [35mconst[39m result [33m=[39m tg[33m.[39m[34mformatPreset[39m([32m'date'[39m)[33m;[39m
    [90m132|[39m     [34mexpect[39m(result)[33m.[39m[34mtoContain[39m([32m'2024-04-15'[39m)[33m;[39m

[31m[2m⎯⎯⎯⎯⎯⎯⎯⎯⎯⎯⎯⎯⎯⎯⎯⎯⎯⎯⎯⎯⎯⎯⎯⎯[6/6]⎯[22m[39m


[2m Test Files [22m [1m[31m1 failed[39m[22m[90m (1)[39m
[2m      Tests [22m [1m[31m6 failed[39m[22m[2m | [22m[1m[32m18 passed[39m[22m[90m (24)[39m
[2m   Start at [22m 14:56:23
[2m   Duration [22m 1.31s[2m (transform 621ms, setup 300ms, import 487ms, tests 79ms, environment 0ms)[22m

